// Jest Snapshot v1, https://goo.gl/fbAQLP

exports[`renders <Board /> 1`] = `
Array [
  <div
    className="css-1495z7x"
    color="WHITE"
    x="a"
    y="8"
  >
    <div
      className="css-1nwny1d"
      color="WHITE"
    >
      a
      8
    </div>
  </div>,
  <div
    className="css-15k27lr"
    color="BLACK"
    x="b"
    y="8"
  >
    <div
      className="css-1y32jx2"
      color="BLACK"
    >
      b
      8
    </div>
  </div>,
  <div
    className="css-1495z7x"
    color="WHITE"
    x="c"
    y="8"
  >
    <div
      className="css-1nwny1d"
      color="WHITE"
    >
      c
      8
    </div>
  </div>,
  <div
    className="css-15k27lr"
    color="BLACK"
    x="d"
    y="8"
  >
    <div
      className="css-1y32jx2"
      color="BLACK"
    >
      d
      8
    </div>
  </div>,
  <div
    className="css-1495z7x"
    color="WHITE"
    x="e"
    y="8"
  >
    <div
      className="css-1nwny1d"
      color="WHITE"
    >
      e
      8
    </div>
  </div>,
  <div
    className="css-15k27lr"
    color="BLACK"
    x="f"
    y="8"
  >
    <div
      className="css-1y32jx2"
      color="BLACK"
    >
      f
      8
    </div>
  </div>,
  <div
    className="css-1495z7x"
    color="WHITE"
    x="g"
    y="8"
  >
    <div
      className="css-1nwny1d"
      color="WHITE"
    >
      g
      8
    </div>
  </div>,
  <div
    className="css-15k27lr"
    color="BLACK"
    x="h"
    y="8"
  >
    <div
      className="css-1y32jx2"
      color="BLACK"
    >
      h
      8
    </div>
  </div>,
  <div
    className="css-15k27lr"
    color="BLACK"
    x="a"
    y="7"
  >
    <div
      className="css-1y32jx2"
      color="BLACK"
    >
      a
      7
    </div>
  </div>,
  <div
    className="css-1495z7x"
    color="WHITE"
    x="b"
    y="7"
  >
    <div
      className="css-1nwny1d"
      color="WHITE"
    >
      b
      7
    </div>
  </div>,
  <div
    className="css-15k27lr"
    color="BLACK"
    x="c"
    y="7"
  >
    <div
      className="css-1y32jx2"
      color="BLACK"
    >
      c
      7
    </div>
  </div>,
  <div
    className="css-1495z7x"
    color="WHITE"
    x="d"
    y="7"
  >
    <div
      className="css-1nwny1d"
      color="WHITE"
    >
      d
      7
    </div>
  </div>,
  <div
    className="css-15k27lr"
    color="BLACK"
    x="e"
    y="7"
  >
    <div
      className="css-1y32jx2"
      color="BLACK"
    >
      e
      7
    </div>
  </div>,
  <div
    className="css-1495z7x"
    color="WHITE"
    x="f"
    y="7"
  >
    <div
      className="css-1nwny1d"
      color="WHITE"
    >
      f
      7
    </div>
  </div>,
  <div
    className="css-15k27lr"
    color="BLACK"
    x="g"
    y="7"
  >
    <div
      className="css-1y32jx2"
      color="BLACK"
    >
      g
      7
    </div>
  </div>,
  <div
    className="css-1495z7x"
    color="WHITE"
    x="h"
    y="7"
  >
    <div
      className="css-1nwny1d"
      color="WHITE"
    >
      h
      7
    </div>
  </div>,
  <div
    className="css-1495z7x"
    color="WHITE"
    x="a"
    y="6"
  >
    <div
      className="css-1nwny1d"
      color="WHITE"
    >
      a
      6
    </div>
  </div>,
  <div
    className="css-15k27lr"
    color="BLACK"
    x="b"
    y="6"
  >
    <div
      className="css-1y32jx2"
      color="BLACK"
    >
      b
      6
    </div>
  </div>,
  <div
    className="css-1495z7x"
    color="WHITE"
    x="c"
    y="6"
  >
    <div
      className="css-1nwny1d"
      color="WHITE"
    >
      c
      6
    </div>
  </div>,
  <div
    className="css-15k27lr"
    color="BLACK"
    x="d"
    y="6"
  >
    <div
      className="css-1y32jx2"
      color="BLACK"
    >
      d
      6
    </div>
  </div>,
  <div
    className="css-1495z7x"
    color="WHITE"
    x="e"
    y="6"
  >
    <div
      className="css-1nwny1d"
      color="WHITE"
    >
      e
      6
    </div>
  </div>,
  <div
    className="css-15k27lr"
    color="BLACK"
    x="f"
    y="6"
  >
    <div
      className="css-1y32jx2"
      color="BLACK"
    >
      f
      6
    </div>
  </div>,
  <div
    className="css-1495z7x"
    color="WHITE"
    x="g"
    y="6"
  >
    <div
      className="css-1nwny1d"
      color="WHITE"
    >
      g
      6
    </div>
  </div>,
  <div
    className="css-15k27lr"
    color="BLACK"
    x="h"
    y="6"
  >
    <div
      className="css-1y32jx2"
      color="BLACK"
    >
      h
      6
    </div>
  </div>,
  <div
    className="css-15k27lr"
    color="BLACK"
    x="a"
    y="5"
  >
    <div
      className="css-1y32jx2"
      color="BLACK"
    >
      a
      5
    </div>
  </div>,
  <div
    className="css-1495z7x"
    color="WHITE"
    x="b"
    y="5"
  >
    <div
      className="css-1nwny1d"
      color="WHITE"
    >
      b
      5
    </div>
  </div>,
  <div
    className="css-15k27lr"
    color="BLACK"
    x="c"
    y="5"
  >
    <div
      className="css-1y32jx2"
      color="BLACK"
    >
      c
      5
    </div>
  </div>,
  <div
    className="css-1495z7x"
    color="WHITE"
    x="d"
    y="5"
  >
    <div
      className="css-1nwny1d"
      color="WHITE"
    >
      d
      5
    </div>
  </div>,
  <div
    className="css-15k27lr"
    color="BLACK"
    x="e"
    y="5"
  >
    <div
      className="css-1y32jx2"
      color="BLACK"
    >
      e
      5
    </div>
  </div>,
  <div
    className="css-1495z7x"
    color="WHITE"
    x="f"
    y="5"
  >
    <div
      className="css-1nwny1d"
      color="WHITE"
    >
      f
      5
    </div>
  </div>,
  <div
    className="css-15k27lr"
    color="BLACK"
    x="g"
    y="5"
  >
    <div
      className="css-1y32jx2"
      color="BLACK"
    >
      g
      5
    </div>
  </div>,
  <div
    className="css-1495z7x"
    color="WHITE"
    x="h"
    y="5"
  >
    <div
      className="css-1nwny1d"
      color="WHITE"
    >
      h
      5
    </div>
  </div>,
  <div
    className="css-1495z7x"
    color="WHITE"
    x="a"
    y="4"
  >
    <div
      className="css-1nwny1d"
      color="WHITE"
    >
      a
      4
    </div>
  </div>,
  <div
    className="css-15k27lr"
    color="BLACK"
    x="b"
    y="4"
  >
    <div
      className="css-1y32jx2"
      color="BLACK"
    >
      b
      4
    </div>
  </div>,
  <div
    className="css-1495z7x"
    color="WHITE"
    x="c"
    y="4"
  >
    <div
      className="css-1nwny1d"
      color="WHITE"
    >
      c
      4
    </div>
  </div>,
  <div
    className="css-15k27lr"
    color="BLACK"
    x="d"
    y="4"
  >
    <div
      className="css-1y32jx2"
      color="BLACK"
    >
      d
      4
    </div>
  </div>,
  <div
    className="css-1495z7x"
    color="WHITE"
    x="e"
    y="4"
  >
    <div
      className="css-1nwny1d"
      color="WHITE"
    >
      e
      4
    </div>
  </div>,
  <div
    className="css-15k27lr"
    color="BLACK"
    x="f"
    y="4"
  >
    <div
      className="css-1y32jx2"
      color="BLACK"
    >
      f
      4
    </div>
  </div>,
  <div
    className="css-1495z7x"
    color="WHITE"
    x="g"
    y="4"
  >
    <div
      className="css-1nwny1d"
      color="WHITE"
    >
      g
      4
    </div>
  </div>,
  <div
    className="css-15k27lr"
    color="BLACK"
    x="h"
    y="4"
  >
    <div
      className="css-1y32jx2"
      color="BLACK"
    >
      h
      4
    </div>
  </div>,
  <div
    className="css-15k27lr"
    color="BLACK"
    x="a"
    y="3"
  >
    <div
      className="css-1y32jx2"
      color="BLACK"
    >
      a
      3
    </div>
  </div>,
  <div
    className="css-6ks6ln"
    color="WHITE"
    x="b"
    y="3"
  >
    <div
      className="css-1nwny1d"
      color="WHITE"
    >
      b
      3
    </div>
  </div>,
  <div
    className="css-15k27lr"
    color="BLACK"
    x="c"
    y="3"
  >
    <div
      className="css-1y32jx2"
      color="BLACK"
    >
      c
      3
    </div>
  </div>,
  <div
    className="css-1495z7x"
    color="WHITE"
    x="d"
    y="3"
  >
    <div
      className="css-1nwny1d"
      color="WHITE"
    >
      d
      3
    </div>
  </div>,
  <div
    className="css-15k27lr"
    color="BLACK"
    x="e"
    y="3"
  >
    <div
      className="css-1y32jx2"
      color="BLACK"
    >
      e
      3
    </div>
  </div>,
  <div
    className="css-1495z7x"
    color="WHITE"
    x="f"
    y="3"
  >
    <div
      className="css-1nwny1d"
      color="WHITE"
    >
      f
      3
    </div>
  </div>,
  <div
    className="css-15k27lr"
    color="BLACK"
    x="g"
    y="3"
  >
    <div
      className="css-1y32jx2"
      color="BLACK"
    >
      g
      3
    </div>
  </div>,
  <div
    className="css-1495z7x"
    color="WHITE"
    x="h"
    y="3"
  >
    <div
      className="css-1nwny1d"
      color="WHITE"
    >
      h
      3
    </div>
  </div>,
  <div
    className="css-1495z7x"
    color="WHITE"
    x="a"
    y="2"
  >
    <div
      className="css-1nwny1d"
      color="WHITE"
    >
      a
      2
    </div>
  </div>,
  <div
    className="css-15k27lr"
    color="BLACK"
    x="b"
    y="2"
  >
    <div
      className="css-1y32jx2"
      color="BLACK"
    >
      b
      2
    </div>
  </div>,
  <div
    className="css-1495z7x"
    color="WHITE"
    x="c"
    y="2"
  >
    <div
      className="css-1nwny1d"
      color="WHITE"
    >
      c
      2
    </div>
  </div>,
  <div
    className="css-15k27lr"
    color="BLACK"
    x="d"
    y="2"
  >
    <div
      className="css-1y32jx2"
      color="BLACK"
    >
      d
      2
    </div>
  </div>,
  <div
    className="css-1495z7x"
    color="WHITE"
    x="e"
    y="2"
  >
    <div
      className="css-1nwny1d"
      color="WHITE"
    >
      e
      2
    </div>
  </div>,
  <div
    className="css-15k27lr"
    color="BLACK"
    x="f"
    y="2"
  >
    <div
      className="css-1y32jx2"
      color="BLACK"
    >
      f
      2
    </div>
  </div>,
  <div
    className="css-1495z7x"
    color="WHITE"
    x="g"
    y="2"
  >
    <div
      className="css-1nwny1d"
      color="WHITE"
    >
      g
      2
    </div>
  </div>,
  <div
    className="css-15k27lr"
    color="BLACK"
    x="h"
    y="2"
  >
    <div
      className="css-1y32jx2"
      color="BLACK"
    >
      h
      2
    </div>
  </div>,
  <div
    className="css-15k27lr"
    color="BLACK"
    x="a"
    y="1"
  >
    <div
      className="css-1y32jx2"
      color="BLACK"
    >
      a
      1
    </div>
  </div>,
  <div
    className="css-1495z7x"
    color="WHITE"
    x="b"
    y="1"
  >
    <div
      className="css-1nwny1d"
      color="WHITE"
    >
      b
      1
    </div>
  </div>,
  <div
    className="css-15k27lr"
    color="BLACK"
    x="c"
    y="1"
  >
    <div
      className="css-1y32jx2"
      color="BLACK"
    >
      c
      1
    </div>
  </div>,
  <div
    className="css-1495z7x"
    color="WHITE"
    x="d"
    y="1"
  >
    <div
      className="css-1nwny1d"
      color="WHITE"
    >
      d
      1
    </div>
  </div>,
  <div
    className="css-15k27lr"
    color="BLACK"
    x="e"
    y="1"
  >
    <div
      className="css-1y32jx2"
      color="BLACK"
    >
      e
      1
    </div>
  </div>,
  <div
    className="css-1495z7x"
    color="WHITE"
    x="f"
    y="1"
  >
    <div
      className="css-1nwny1d"
      color="WHITE"
    >
      f
      1
    </div>
  </div>,
  <div
    className="css-15k27lr"
    color="BLACK"
    x="g"
    y="1"
  >
    <div
      className="css-1y32jx2"
      color="BLACK"
    >
      g
      1
    </div>
  </div>,
  <div
    className="css-1495z7x"
    color="WHITE"
    x="h"
    y="1"
  >
    <div
      className="css-1nwny1d"
      color="WHITE"
    >
      h
      1
    </div>
  </div>,
]
`;
